Release 14.7 - xst P.20131013 (lin64)
Copyright (c) 1995-2013 Xilinx, Inc.  All rights reserved.
--> 
Parameter TMPDIR set to xst/projnav.tmp


Total REAL time to Xst completion: 0.00 secs
Total CPU time to Xst completion: 0.00 secs
 
--> 
Parameter xsthdpdir set to xst


Total REAL time to Xst completion: 0.00 secs
Total CPU time to Xst completion: 0.00 secs
 
--> 
Reading design: ALU_8bit.prj

TABLE OF CONTENTS
  1) Synthesis Options Summary
  2) HDL Parsing
  3) HDL Elaboration
  4) HDL Synthesis
       4.1) HDL Synthesis Report
  5) Advanced HDL Synthesis
       5.1) Advanced HDL Synthesis Report
  6) Low Level Synthesis
  7) Partition Report
  8) Design Summary
       8.1) Primitive and Black Box Usage
       8.2) Device utilization summary
       8.3) Partition Resource Summary
       8.4) Timing Report
            8.4.1) Clock Information
            8.4.2) Asynchronous Control Signals Information
            8.4.3) Timing Summary
            8.4.4) Timing Details
            8.4.5) Cross Clock Domains Report


=========================================================================
*                      Synthesis Options Summary                        *
=========================================================================
---- Source Parameters
Input File Name                    : "ALU_8bit.prj"
Ignore Synthesis Constraint File   : NO

---- Target Parameters
Output File Name                   : "ALU_8bit"
Output Format                      : NGC
Target Device                      : xc6slx4-3-tqg144

---- Source Options
Top Module Name                    : ALU_8bit
Automatic FSM Extraction           : YES
FSM Encoding Algorithm             : Auto
Safe Implementation                : No
FSM Style                          : LUT
RAM Extraction                     : Yes
RAM Style                          : Auto
ROM Extraction                     : Yes
Shift Register Extraction          : YES
ROM Style                          : Auto
Resource Sharing                   : YES
Asynchronous To Synchronous        : NO
Shift Register Minimum Size        : 2
Use DSP Block                      : Auto
Automatic Register Balancing       : No

---- Target Options
LUT Combining                      : Auto
Reduce Control Sets                : Auto
Add IO Buffers                     : YES
Global Maximum Fanout              : 100000
Add Generic Clock Buffer(BUFG)     : 16
Register Duplication               : YES
Optimize Instantiated Primitives   : NO
Use Clock Enable                   : Auto
Use Synchronous Set                : Auto
Use Synchronous Reset              : Auto
Pack IO Registers into IOBs        : Auto
Equivalent register Removal        : YES

---- General Options
Optimization Goal                  : Speed
Optimization Effort                : 1
Power Reduction                    : NO
Keep Hierarchy                     : No
Netlist Hierarchy                  : As_Optimized
RTL Output                         : Yes
Global Optimization                : AllClockNets
Read Cores                         : YES
Write Timing Constraints           : NO
Cross Clock Analysis               : NO
Hierarchy Separator                : /
Bus Delimiter                      : <>
Case Specifier                     : Maintain
Slice Utilization Ratio            : 100
BRAM Utilization Ratio             : 100
DSP48 Utilization Ratio            : 100
Auto BRAM Packing                  : NO
Slice Utilization Ratio Delta      : 5

=========================================================================


=========================================================================
*                          HDL Parsing                                  *
=========================================================================
Analyzing Verilog file "/home/ise/ALU_8bit/ALU_1bit.v" into library work
Parsing module <ALU_1bit>.
Analyzing Verilog file "/home/ise/ALU_8bit/ALU_8bit.v" into library work
Parsing module <ALU_8bit>.

=========================================================================
*                            HDL Elaboration                            *
=========================================================================

Elaborating module <ALU_8bit>.

Elaborating module <ALU_1bit>.

=========================================================================
*                           HDL Synthesis                               *
=========================================================================

Synthesizing Unit <ALU_8bit>.
    Related source file is "/home/ise/ALU_8bit/ALU_8bit.v".
    Summary:
	no macro.
Unit <ALU_8bit> synthesized.

Synthesizing Unit <ALU_1bit>.
    Related source file is "/home/ise/ALU_8bit/ALU_1bit.v".
    Found 2-bit adder for signal <n0025> created at line 43.
    Found 2-bit adder for signal <BUS_0001_GND_2_o_add_1_OUT> created at line 43.
    Found 2-bit adder for signal <_n0034> created at line 48.
    Found 2-bit adder for signal <GND_2_o_GND_2_o_add_4_OUT> created at line 48.
    Found 1-bit 7-to-1 multiplexer for signal <F> created at line 15.
    Summary:
	inferred   4 Adder/Subtractor(s).
	inferred   4 Multiplexer(s).
Unit <ALU_1bit> synthesized.

=========================================================================
HDL Synthesis Report

Macro Statistics
# Adders/Subtractors                                   : 32
 2-bit adder                                           : 32
# Multiplexers                                         : 32
 1-bit 2-to-1 multiplexer                              : 24
 1-bit 7-to-1 multiplexer                              : 8
# Xors                                                 : 8
 1-bit xor2                                            : 8

=========================================================================

=========================================================================
*                       Advanced HDL Synthesis                          *
=========================================================================


=========================================================================
Advanced HDL Synthesis Report

Macro Statistics
# Adders/Subtractors                                   : 16
 2-bit adder carry in                                  : 16
# Multiplexers                                         : 32
 1-bit 2-to-1 multiplexer                              : 24
 1-bit 7-to-1 multiplexer                              : 8
# Xors                                                 : 8
 1-bit xor2                                            : 8

=========================================================================

=========================================================================
*                         Low Level Synthesis                           *
=========================================================================

Optimizing unit <ALU_8bit> ...

Mapping all equations...
Building and optimizing final netlist ...
Found area constraint ratio of 100 (+ 5) on block ALU_8bit, actual ratio is 3.

Final Macro Processing ...

=========================================================================
Final Register Report

Found no macro
=========================================================================

=========================================================================
*                           Partition Report                            *
=========================================================================

Partition Implementation Status
-------------------------------

  No Partitions were found in this design.

-------------------------------

=========================================================================
*                            Design Summary                             *
=========================================================================

Top Level Output File Name         : ALU_8bit.ngc

Primitive and Black Box Usage:
------------------------------
# BELS                             : 34
#      LUT2                        : 5
#      LUT3                        : 2
#      LUT4                        : 3
#      LUT5                        : 14
#      LUT6                        : 10
# IO Buffers                       : 28
#      IBUF                        : 19
#      OBUF                        : 9

Device utilization summary:
---------------------------

Selected Device : 6slx4tqg144-3 


Slice Logic Utilization: 
 Number of Slice LUTs:                   34  out of   2400     1%  
    Number used as Logic:                34  out of   2400     1%  

Slice Logic Distribution: 
 Number of LUT Flip Flop pairs used:     34
   Number with an unused Flip Flop:      34  out of     34   100%  
   Number with an unused LUT:             0  out of     34     0%  
   Number of fully used LUT-FF pairs:     0  out of     34     0%  
   Number of unique control sets:         0

IO Utilization: 
 Number of IOs:                          28
 Number of bonded IOBs:                  28  out of    102    27%  

Specific Feature Utilization:

---------------------------
Partition Resource Summary:
---------------------------

  No Partitions were found in this design.

---------------------------


=========================================================================
Timing Report

NOTE: THESE TIMING NUMBERS ARE ONLY A SYNTHESIS ESTIMATE.
      FOR ACCURATE TIMING INFORMATION PLEASE REFER TO THE TRACE REPORT
      GENERATED AFTER PLACE-and-ROUTE.

Clock Information:
------------------
No clock signals found in this design

Asynchronous Control Signals Information:
----------------------------------------
No asynchronous control signals found in this design

Timing Summary:
---------------
Speed Grade: -3

   Minimum period: No path found
   Minimum input arrival time before clock: No path found
   Maximum output required time after clock: No path found
   Maximum combinational path delay: 11.766ns

Timing Details:
---------------
All values displayed in nanoseconds (ns)

=========================================================================
Timing constraint: Default path analysis
  Total number of paths / destination ports: 360 / 9
-------------------------------------------------------------------------
Delay:               11.766ns (Levels of Logic = 9)
  Source:            A<0> (PAD)
  Destination:       F<7> (PAD)

  Data Path: A<0> to F<7>
                                Gate     Net
    Cell:in->out      fanout   Delay   Delay  Logical Name (Net Name)
    ----------------------------------------  ------------
     IBUF:I->O             6   1.222   0.973  A_0_IBUF (A_0_IBUF)
     LUT4:I1->O            3   0.205   0.879  ALU2/Mmux_F1121 (ALU2/Mmux_F112)
     LUT5:I2->O            1   0.205   0.808  ALU2/Mmux_Cout11 (ALU2/Mmux_Cout1)
     LUT3:I0->O            4   0.205   0.684  ALU2/Mmux_Cout12 (C3)
     LUT5:I4->O            3   0.205   0.898  ALU5/Mmux_F121 (ALU5/Mmux_F12)
     LUT6:I2->O            4   0.203   0.912  ALU5/Mmux_Cout13 (C6)
     LUT5:I2->O            1   0.205   0.808  ALU7/Mmux_F12 (ALU7/Mmux_F11)
     LUT6:I3->O            1   0.205   0.579  ALU7/Mmux_F14 (F_7_OBUF)
     OBUF:I->O                 2.571          F_7_OBUF (F<7>)
    ----------------------------------------
    Total                     11.766ns (5.226ns logic, 6.540ns route)
                                       (44.4% logic, 55.6% route)

=========================================================================

Cross Clock Domains Report:
--------------------------

=========================================================================


Total REAL time to Xst completion: 6.00 secs
Total CPU time to Xst completion: 2.17 secs
 
--> 


Total memory usage is 474988 kilobytes

Number of errors   :    0 (   0 filtered)
Number of warnings :    0 (   0 filtered)
Number of infos    :    0 (   0 filtered)

