Running: /opt/Xilinx/14.7/ISE_DS/ISE/bin/lin64/unwrapped/fuse -intstyle ise -incremental -lib unisims_ver -lib unimacro_ver -lib xilinxcorelib_ver -lib secureip -o /home/ise/Accumulator_8-bit/accumulator_8bit_tb_isim_beh.exe -prj /home/ise/Accumulator_8-bit/accumulator_8bit_tb_beh.prj work.accumulator_8bit_tb work.glbl 
ISim P.20131013 (signature 0xfbc00daa)
Number of CPUs detected in this system: 2
Turning on mult-threading, number of parallel sub-compilation jobs: 4 
Determining compilation order of HDL files
Analyzing Verilog file "/home/ise/Accumulator_8-bit/accumulator_8bit.v" into library work
Analyzing Verilog file "/home/ise/Accumulator_8-bit/accumulator_8bit_tb.v" into library work
Analyzing Verilog file "/opt/Xilinx/14.7/ISE_DS/ISE//verilog/src/glbl.v" into library work
Starting static elaboration
Completed static elaboration
Fuse Memory Usage: 94920 KB
Fuse CPU Usage: 1570 ms
Compiling module accumulator_8bit
Compiling module accumulator_8bit_tb
Compiling module glbl
Time Resolution for simulation is 1ps.
Compiled 3 Verilog Units
Built simulation executable /home/ise/Accumulator_8-bit/accumulator_8bit_tb_isim_beh.exe
Fuse Memory Usage: 390908 KB
Fuse CPU Usage: 1580 ms
GCC CPU Usage: 420 ms
