Release 14.7 - xst P.20131013 (lin64)
Copyright (c) 1995-2013 Xilinx, Inc.  All rights reserved.
--> 
Parameter TMPDIR set to xst/projnav.tmp


Total REAL time to Xst completion: 0.00 secs
Total CPU time to Xst completion: 0.00 secs
 
--> 
Parameter xsthdpdir set to xst


Total REAL time to Xst completion: 0.00 secs
Total CPU time to Xst completion: 0.00 secs
 
--> 
Reading design: cpu_top.prj

TABLE OF CONTENTS
  1) Synthesis Options Summary
  2) HDL Parsing
  3) HDL Elaboration
  4) HDL Synthesis
       4.1) HDL Synthesis Report
  5) Advanced HDL Synthesis
       5.1) Advanced HDL Synthesis Report
  6) Low Level Synthesis
  7) Partition Report
  8) Design Summary
       8.1) Primitive and Black Box Usage
       8.2) Device utilization summary
       8.3) Partition Resource Summary
       8.4) Timing Report
            8.4.1) Clock Information
            8.4.2) Asynchronous Control Signals Information
            8.4.3) Timing Summary
            8.4.4) Timing Details
            8.4.5) Cross Clock Domains Report


=========================================================================
*                      Synthesis Options Summary                        *
=========================================================================
---- Source Parameters
Input File Name                    : "cpu_top.prj"
Ignore Synthesis Constraint File   : NO

---- Target Parameters
Output File Name                   : "cpu_top"
Output Format                      : NGC
Target Device                      : xc6slx4-3-tqg144

---- Source Options
Top Module Name                    : cpu_top
Automatic FSM Extraction           : YES
FSM Encoding Algorithm             : Auto
Safe Implementation                : No
FSM Style                          : LUT
RAM Extraction                     : Yes
RAM Style                          : Auto
ROM Extraction                     : Yes
Shift Register Extraction          : YES
ROM Style                          : Auto
Resource Sharing                   : YES
Asynchronous To Synchronous        : NO
Shift Register Minimum Size        : 2
Use DSP Block                      : Auto
Automatic Register Balancing       : No

---- Target Options
LUT Combining                      : Auto
Reduce Control Sets                : Auto
Add IO Buffers                     : YES
Global Maximum Fanout              : 100000
Add Generic Clock Buffer(BUFG)     : 16
Register Duplication               : YES
Optimize Instantiated Primitives   : NO
Use Clock Enable                   : Auto
Use Synchronous Set                : Auto
Use Synchronous Reset              : Auto
Pack IO Registers into IOBs        : Auto
Equivalent register Removal        : YES

---- General Options
Optimization Goal                  : Speed
Optimization Effort                : 1
Power Reduction                    : NO
Keep Hierarchy                     : No
Netlist Hierarchy                  : As_Optimized
RTL Output                         : Yes
Global Optimization                : AllClockNets
Read Cores                         : YES
Write Timing Constraints           : NO
Cross Clock Analysis               : NO
Hierarchy Separator                : /
Bus Delimiter                      : <>
Case Specifier                     : Maintain
Slice Utilization Ratio            : 100
BRAM Utilization Ratio             : 100
DSP48 Utilization Ratio            : 100
Auto BRAM Packing                  : NO
Slice Utilization Ratio Delta      : 5

=========================================================================


=========================================================================
*                          HDL Parsing                                  *
=========================================================================
Analyzing Verilog file "/home/ise/Mini_8bit_CPU/program_rom.v" into library work
Parsing module <program_rom>.
Analyzing Verilog file "/home/ise/Mini_8bit_CPU/pc.v" into library work
Parsing module <pc>.
Analyzing Verilog file "/home/ise/Mini_8bit_CPU/control_unit.v" into library work
Parsing module <control_unit>.
Analyzing Verilog file "/home/ise/Mini_8bit_CPU/alu.v" into library work
Parsing module <alu>.
Analyzing Verilog file "/home/ise/Mini_8bit_CPU/acc_z_register.v" into library work
Parsing module <acc_z_register>.
Analyzing Verilog file "/home/ise/Mini_8bit_CPU/cpu_top.v" into library work
Parsing module <cpu_top>.

=========================================================================
*                            HDL Elaboration                            *
=========================================================================

Elaborating module <cpu_top>.

Elaborating module <pc>.

Elaborating module <program_rom>.

Elaborating module <control_unit>.

Elaborating module <alu>.

Elaborating module <acc_z_register>.

=========================================================================
*                           HDL Synthesis                               *
=========================================================================

Synthesizing Unit <cpu_top>.
    Related source file is "/home/ise/Mini_8bit_CPU/cpu_top.v".
    Summary:
	no macro.
Unit <cpu_top> synthesized.

Synthesizing Unit <pc>.
    Related source file is "/home/ise/Mini_8bit_CPU/pc.v".
    Found 4-bit register for signal <PC>.
    Found 4-bit adder for signal <PC[3]_GND_2_o_add_1_OUT> created at line 11.
    Summary:
	inferred   1 Adder/Subtractor(s).
	inferred   4 D-type flip-flop(s).
Unit <pc> synthesized.

Synthesizing Unit <program_rom>.
    Related source file is "/home/ise/Mini_8bit_CPU/program_rom.v".
    Summary:
	inferred   1 Multiplexer(s).
Unit <program_rom> synthesized.

Synthesizing Unit <control_unit>.
    Related source file is "/home/ise/Mini_8bit_CPU/control_unit.v".
    Summary:
	no macro.
Unit <control_unit> synthesized.

Synthesizing Unit <alu>.
    Related source file is "/home/ise/Mini_8bit_CPU/alu.v".
    Found 8-bit adder for signal <ACC[7]_operand[7]_add_0_OUT> created at line 19.
    Found 8-bit 7-to-1 multiplexer for signal <result> created at line 17.
    Summary:
	inferred   1 Adder/Subtractor(s).
	inferred   1 Multiplexer(s).
Unit <alu> synthesized.

Synthesizing Unit <acc_z_register>.
    Related source file is "/home/ise/Mini_8bit_CPU/acc_z_register.v".
    Found 1-bit register for signal <Z>.
    Found 8-bit register for signal <Q>.
    Summary:
	inferred   9 D-type flip-flop(s).
Unit <acc_z_register> synthesized.

=========================================================================
HDL Synthesis Report

Macro Statistics
# Adders/Subtractors                                   : 2
 4-bit adder                                           : 1
 8-bit adder                                           : 1
# Registers                                            : 3
 1-bit register                                        : 1
 4-bit register                                        : 1
 8-bit register                                        : 1
# Multiplexers                                         : 2
 12-bit 2-to-1 multiplexer                             : 1
 8-bit 7-to-1 multiplexer                              : 1
# Xors                                                 : 1
 8-bit xor2                                            : 1

=========================================================================

=========================================================================
*                       Advanced HDL Synthesis                          *
=========================================================================


Synthesizing (advanced) Unit <pc>.
The following registers are absorbed into counter <PC>: 1 register on signal <PC>.
Unit <pc> synthesized (advanced).

=========================================================================
Advanced HDL Synthesis Report

Macro Statistics
# Adders/Subtractors                                   : 1
 8-bit adder                                           : 1
# Counters                                             : 1
 4-bit up counter                                      : 1
# Registers                                            : 9
 Flip-Flops                                            : 9
# Multiplexers                                         : 2
 12-bit 2-to-1 multiplexer                             : 1
 8-bit 7-to-1 multiplexer                              : 1
# Xors                                                 : 1
 8-bit xor2                                            : 1

=========================================================================

=========================================================================
*                         Low Level Synthesis                           *
=========================================================================

Optimizing unit <cpu_top> ...

Optimizing unit <acc_z_register> ...

Optimizing unit <alu> ...

Mapping all equations...
Building and optimizing final netlist ...
Found area constraint ratio of 100 (+ 5) on block cpu_top, actual ratio is 1.
FlipFlop PC_UNIT/PC_0 has been replicated 2 time(s)
FlipFlop PC_UNIT/PC_1 has been replicated 2 time(s)
FlipFlop PC_UNIT/PC_2 has been replicated 2 time(s)
FlipFlop PC_UNIT/PC_3 has been replicated 2 time(s)

Final Macro Processing ...

=========================================================================
Final Register Report

Macro Statistics
# Registers                                            : 21
 Flip-Flops                                            : 21

=========================================================================

=========================================================================
*                           Partition Report                            *
=========================================================================

Partition Implementation Status
-------------------------------

  No Partitions were found in this design.

-------------------------------

=========================================================================
*                            Design Summary                             *
=========================================================================

Top Level Output File Name         : cpu_top.ngc

Primitive and Black Box Usage:
------------------------------
# BELS                             : 57
#      GND                         : 1
#      INV                         : 1
#      LUT2                        : 1
#      LUT3                        : 1
#      LUT4                        : 6
#      LUT5                        : 8
#      LUT6                        : 18
#      MUXCY                       : 7
#      MUXF7                       : 6
#      XORCY                       : 8
# FlipFlops/Latches                : 21
#      FDR                         : 12
#      FDRE                        : 8
#      FDSE                        : 1
# Clock Buffers                    : 1
#      BUFGP                       : 1
# IO Buffers                       : 14
#      IBUF                        : 1
#      OBUF                        : 13

Device utilization summary:
---------------------------

Selected Device : 6slx4tqg144-3 


Slice Logic Utilization: 
 Number of Slice Registers:              21  out of   4800     0%  
 Number of Slice LUTs:                   35  out of   2400     1%  
    Number used as Logic:                35  out of   2400     1%  

Slice Logic Distribution: 
 Number of LUT Flip Flop pairs used:     42
   Number with an unused Flip Flop:      21  out of     42    50%  
   Number with an unused LUT:             7  out of     42    16%  
   Number of fully used LUT-FF pairs:    14  out of     42    33%  
   Number of unique control sets:         2

IO Utilization: 
 Number of IOs:                          15
 Number of bonded IOBs:                  15  out of    102    14%  

Specific Feature Utilization:
 Number of BUFG/BUFGCTRLs:                1  out of     16     6%  

---------------------------
Partition Resource Summary:
---------------------------

  No Partitions were found in this design.

---------------------------


=========================================================================
Timing Report

NOTE: THESE TIMING NUMBERS ARE ONLY A SYNTHESIS ESTIMATE.
      FOR ACCURATE TIMING INFORMATION PLEASE REFER TO THE TRACE REPORT
      GENERATED AFTER PLACE-and-ROUTE.

Clock Information:
------------------
-----------------------------------+------------------------+-------+
Clock Signal                       | Clock buffer(FF name)  | Load  |
-----------------------------------+------------------------+-------+
CLK                                | BUFGP                  | 21    |
-----------------------------------+------------------------+-------+

Asynchronous Control Signals Information:
----------------------------------------
No asynchronous control signals found in this design

Timing Summary:
---------------
Speed Grade: -3

   Minimum period: 4.399ns (Maximum Frequency: 227.314MHz)
   Minimum input arrival time before clock: 2.765ns
   Maximum output required time after clock: 4.224ns
   Maximum combinational path delay: No path found

Timing Details:
---------------
All values displayed in nanoseconds (ns)

=========================================================================
Timing constraint: Default period analysis for Clock 'CLK'
  Clock period: 4.399ns (frequency: 227.314MHz)
  Total number of paths / destination ports: 665 / 30
-------------------------------------------------------------------------
Delay:               4.399ns (Levels of Logic = 6)
  Source:            PC_UNIT/PC_0_1 (FF)
  Destination:       ACC_UNIT/Z (FF)
  Source Clock:      CLK rising
  Destination Clock: CLK rising

  Data Path: PC_UNIT/PC_0_1 to ACC_UNIT/Z
                                Gate     Net
    Cell:in->out      fanout   Delay   Delay  Logical Name (Net Name)
    ----------------------------------------  ------------
     FDR:C->Q              2   0.447   0.961  PC_UNIT/PC_0_1 (PC_UNIT/PC_0_1)
     LUT5:I0->O            1   0.203   0.000  ALU_UNIT/Madd_ACC[7]_operand[7]_add_0_OUT_lut<0> (ALU_UNIT/Madd_ACC[7]_operand[7]_add_0_OUT_lut<0>)
     MUXCY:S->O            1   0.172   0.000  ALU_UNIT/Madd_ACC[7]_operand[7]_add_0_OUT_cy<0> (ALU_UNIT/Madd_ACC[7]_operand[7]_add_0_OUT_cy<0>)
     XORCY:CI->O           1   0.180   0.579  ALU_UNIT/Madd_ACC[7]_operand[7]_add_0_OUT_xor<1> (ALU_UNIT/ACC[7]_operand[7]_add_0_OUT<1>)
     MUXF7:S->O            2   0.148   0.617  ALU_UNIT/result<1>2 (alu_result<1>)
     LUT5:I4->O            1   0.205   0.580  ACC_UNIT/data_in[7]_GND_6_o_equal_2_o<7>_SW0 (N01)
     LUT6:I5->O            1   0.205   0.000  ACC_UNIT/data_in[7]_GND_6_o_equal_2_o<7> (ACC_UNIT/data_in[7]_GND_6_o_equal_2_o)
     FDSE:D                    0.102          ACC_UNIT/Z
    ----------------------------------------
    Total                      4.399ns (1.662ns logic, 2.737ns route)
                                       (37.8% logic, 62.2% route)

=========================================================================
Timing constraint: Default OFFSET IN BEFORE for Clock 'CLK'
  Total number of paths / destination ports: 21 / 21
-------------------------------------------------------------------------
Offset:              2.765ns (Levels of Logic = 1)
  Source:            RESET (PAD)
  Destination:       PC_UNIT/PC_0 (FF)
  Destination Clock: CLK rising

  Data Path: RESET to PC_UNIT/PC_0
                                Gate     Net
    Cell:in->out      fanout   Delay   Delay  Logical Name (Net Name)
    ----------------------------------------  ------------
     IBUF:I->O            21   1.222   1.113  RESET_IBUF (RESET_IBUF)
     FDR:R                     0.430          PC_UNIT/PC_0
    ----------------------------------------
    Total                      2.765ns (1.652ns logic, 1.113ns route)
                                       (59.8% logic, 40.2% route)

=========================================================================
Timing constraint: Default OFFSET OUT AFTER for Clock 'CLK'
  Total number of paths / destination ports: 13 / 13
-------------------------------------------------------------------------
Offset:              4.224ns (Levels of Logic = 1)
  Source:            PC_UNIT/PC_0 (FF)
  Destination:       PC<0> (PAD)
  Source Clock:      CLK rising

  Data Path: PC_UNIT/PC_0 to PC<0>
                                Gate     Net
    Cell:in->out      fanout   Delay   Delay  Logical Name (Net Name)
    ----------------------------------------  ------------
     FDR:C->Q             26   0.447   1.206  PC_UNIT/PC_0 (PC_UNIT/PC_0)
     OBUF:I->O                 2.571          PC_0_OBUF (PC<0>)
    ----------------------------------------
    Total                      4.224ns (3.018ns logic, 1.206ns route)
                                       (71.5% logic, 28.5% route)

=========================================================================

Cross Clock Domains Report:
--------------------------

Clock to Setup on destination clock CLK
---------------+---------+---------+---------+---------+
               | Src:Rise| Src:Fall| Src:Rise| Src:Fall|
Source Clock   |Dest:Rise|Dest:Rise|Dest:Fall|Dest:Fall|
---------------+---------+---------+---------+---------+
CLK            |    4.399|         |         |         |
---------------+---------+---------+---------+---------+

=========================================================================


Total REAL time to Xst completion: 4.00 secs
Total CPU time to Xst completion: 0.80 secs
 
--> 


Total memory usage is 482764 kilobytes

Number of errors   :    0 (   0 filtered)
Number of warnings :    0 (   0 filtered)
Number of infos    :    0 (   0 filtered)

