Command line:
   cpu_tb_isim_beh.exe
     -simmode  gui
     -simrunnum  0
     -socket  57142

Sat Oct 10 14:16:44 2026


 Elaboration Time: 0.05 sec

 Current Memory Usage: 215.38 Meg

 Total Signals          : 38
 Total Nets             : 64
 Total Signal Drivers   : 16
 Total Blocks           : 8
 Total Primitive Blocks : 6
 Total Processes        : 24
 Total Traceable Variables  : 40
 Total Scalar Nets and Variables : 251
Total Line Count : 87

 Total Simulation Time: 0.05 sec

 Current Memory Usage: 292.979 Meg

Sat Oct 10 14:18:21 2026

